// Jest Snapshot v1, https://goo.gl/fbAQLP

exports[`Pruebas en FirstApp debe de hacer match con el snapshot 1`] = `
<div>
  <h1
    data-testid="test-title"
  >
       
    Hola, Soy Goku
      
  </h1>
  <p
    data-testid="test-name"
  >
    Uriel Emiliano
  </p>
  <p>
    No hay subtitulo
     
  </p>
  <p>
    No hay subtitulo
     
  </p>
  <p>
    No hay subtitulo
     
  </p>
</div>
`;
